


ARM Macro Assembler    Page 1 


    1 00000000                 AREA             RC4_Code, CODE, READONLY
    2 00000000                 EXPORT           rc4_encrypt ;Make function visi
                                                            ble to main.c
    3 00000000         
    4 00000000         rc4_encrypt
    5 00000000         ;R0 Contains the address of s_array
    6 00000000         ;R1 containd the address of key
    7 00000000         ;R2 contains the address of plaintext
    8 00000000         ;R3 contains the address of ciphertext
    9 00000000 E92D4FF0        PUSH             {R4-R11, LR}
   10 00000004         
   11 00000004         ;calculate the Length of key string
   12 00000004 E3A06000        MOV              R6, #0
   13 00000008 E1A0C001        MOV              R12, R1
   14 0000000C         
   15 0000000C         KeyLen_Loop
   16 0000000C E4DC8001        LDRB             R8, [R12], #1
   17 00000010 E3580000        CMP              R8, #0
   18 00000014 12866001        ADDNE            R6, R6, #1
   19 00000018 1AFFFFFB        BNE              KeyLen_Loop
   20 0000001C         
   21 0000001C         ; Init S_array
   22 0000001C E3A04000        MOV              R4, #0
   23 00000020         
   24 00000020         Init_Loop
   25 00000020 E7C04004        STRB             R4, [R0, R4]
   26 00000024 E2844001        ADD              R4, R4, #1
   27 00000028 E3540C01        CMP              R4, #256
   28 0000002C 1AFFFFFB        BNE              Init_Loop
   29 00000030         
   30 00000030         ; KSA Scrambling
   31 00000030 E3A04000        MOV              R4, #0
   32 00000034 E3A05000        MOV              R5, #0
   33 00000038 E3A07000        MOV              R7, #0
   34 0000003C         
   35 0000003C         KSA_Loop
   36 0000003C E7D08004        LDRB             R8, [R0, R4]
   37 00000040 E7D19007        LDRB             R9, [R1, R7]
   38 00000044         
   39 00000044         ; j = (j + S[i] + key[key_index]) mod 256
   40 00000044 E0855008        ADD              R5, R5, R8
   41 00000048 E0855009        ADD              R5, R5, R9
   42 0000004C E20550FF        AND              R5, R5, #0xFF
   43 00000050         
   44 00000050         ; Swap S[i] and S[j]
   45 00000050 E7D0A005        LDRB             R10, [R0, R5]
   46 00000054 E7C0A004        STRB             R10, [R0, R4]
   47 00000058 E7C08005        STRB             R8, [R0, R5]
   48 0000005C         
   49 0000005C         ;Update Indices
   50 0000005C E2844001        ADD              R4, R4, #1
   51 00000060 E2877001        ADD              R7, R7, #1
   52 00000064         
   53 00000064 E1570006        CMP              R7, R6
   54 00000068 03A07000        MOVEQ            R7, #0
   55 0000006C         
   56 0000006C E3540C01        CMP              R4, #256
   57 00000070 1AFFFFF1        BNE              KSA_Loop
   58 00000074         



ARM Macro Assembler    Page 2 


   59 00000074         ;PRGA Encryption
   60 00000074 E3A04000        MOV              R4, #0
   61 00000078 E3A05000        MOV              R5, #0
   62 0000007C         
   63 0000007C         PRGA_Loop
   64 0000007C E4D2B001        LDRB             R11, [R2], #1
   65 00000080 E35B0000        CMP              R11, #0
   66 00000084 0A00000A        BEQ              End_Encrypt
   67 00000088         
   68 00000088         ;i = (i+1) mod 256
   69 00000088 E0859008        ADD              R9, R5, R8
   70 0000008C E20550FF        AND              R5, R5, #0xFF
   71 00000090 E7D09005        LDRB             R9, [R0, R5]
   72 00000094         
   73 00000094         ;Swap S[i] and S[j]
   74 00000094 E7C09004        STRB             R9, [R0, R4]
   75 00000098 E7C08005        STRB             R8, [R0, R5]
   76 0000009C         
   77 0000009C         ;Keystream Byte = S[(S[i] + S[j]) mod 256]
   78 0000009C E088A009        ADD              R10, R8, R9
   79 000000A0 E20AA0FF        AND              R10, R10, #0xFF
   80 000000A4 E7D0A00A        LDRB             R10, [R0, R10]
   81 000000A8         
   82 000000A8         ;The Encryption
   83 000000A8 E02BB00A        EOR              R11, R11, R10
   84 000000AC E4C3B001        STRB             R11, [R3], #1
   85 000000B0 EAFFFFF1        B                PRGA_Loop
   86 000000B4         
   87 000000B4         End_Encrypt
   88 000000B4         ;CLean up and return to C
   89 000000B4 E3A0B000        MOV              R11, #0
   90 000000B8 E5C3B000        STRB             R11, [R3]
   91 000000BC         
   92 000000BC         ;Restore the original registers we borrowed
   93 000000BC E8BD4FF0        POP              {R4-R11, LR}
   94 000000C0         
   95 000000C0         ;Return execution to the main() function in C
   96 000000C0 E12FFF1E        BX               LR
   97 000000C4                 END
Command Line: --debug --xref --apcs=interwork --depend=rc4.d -orc4.o -IC:\Keil\
ARM\RV31\INC -IC:\Keil\ARM\CMSIS\Include -IC:\Keil\ARM\Inc\Philips --predefine=
"__EVAL SETA 1" --list=rc4.lst rc4.s



ARM Macro Assembler    Page 1 Alphabetic symbol ordering
Relocatable symbols

End_Encrypt 000000B4

Symbol: End_Encrypt
   Definitions
      At line 87 in file rc4.s
   Uses
      At line 66 in file rc4.s
Comment: End_Encrypt used once
Init_Loop 00000020

Symbol: Init_Loop
   Definitions
      At line 24 in file rc4.s
   Uses
      At line 28 in file rc4.s
Comment: Init_Loop used once
KSA_Loop 0000003C

Symbol: KSA_Loop
   Definitions
      At line 35 in file rc4.s
   Uses
      At line 57 in file rc4.s
Comment: KSA_Loop used once
KeyLen_Loop 0000000C

Symbol: KeyLen_Loop
   Definitions
      At line 15 in file rc4.s
   Uses
      At line 19 in file rc4.s
Comment: KeyLen_Loop used once
PRGA_Loop 0000007C

Symbol: PRGA_Loop
   Definitions
      At line 63 in file rc4.s
   Uses
      At line 85 in file rc4.s
Comment: PRGA_Loop used once
RC4_Code 00000000

Symbol: RC4_Code
   Definitions
      At line 1 in file rc4.s
   Uses
      None
Comment: RC4_Code unused
rc4_encrypt 00000000

Symbol: rc4_encrypt
   Definitions
      At line 4 in file rc4.s
   Uses
      At line 2 in file rc4.s
Comment: rc4_encrypt used once
7 symbols
338 symbols in table
